FM_TEST_BEGIN 2026-09-28T07:01:49Z tests/fm-watcher-lock.test.sh family=watcher-wake-lock expected_gate_skip=none
ok - disposable watcher refuses inherited state outside its marked lab
ok - wait deadline diagnoses and reaps a stopped test child without hanging
ok - simultaneous watcher starts leave exactly one live process
ok - fm_pid_identity real ps fallback is locale-invariant
ok - fm_pid_identity is locale-invariant across LC_ALL/LC_TIME
ok - fm_pid_identity ps fallback is terminal-width-invariant
ok - /proc process identity ignores simulated btime changes
ok - /proc process identity detects pid reuse
ok - MSYS /proc process identity regression skipped on non-Windows host
ok - killed watcher stale lock is reclaimed
tests/fm-watcher-lock.test.sh: line 1681: 2657940 Killed                  FM_STATE_OVERRIDE="$state" bash -c '
    . "$1"
    fm_lock_remove_path() {
      if [ "$1" = "$STATE/.watch.lock" ]; then
        kill -KILL "${BASHPID:-$$}"
      fi
      return 1
    }
    fm_lock_try_acquire "$2"
  ' _ "$LIB" "$lockdir" > /dev/null 2>&1
ok - stale watcher reclaim publishes durable recovery evidence before clear
ok - live watcher lock with stale heartbeat is actionable
ok - live watcher lock with a beacon past the hard bound is replaced, under it is still refused
ok - guard banner leads when down with pending wakes (repair-after-drain) and stays silent when live and fresh
ok - concurrent fm_lock_try_acquire yields exactly one winner
ok - dead-pid stale lock is reclaimed by a single acquirer
ok - concurrent stale-lock steal yields exactly one winner
ok - dead steal owner is reclaimed once without a nested steal marker
ok - dead nested steal chain from an interrupted reclaim is recovered
ok - a competing reaper cannot remove the successor's steal mutex
ok - a steal mutex abandoned by this process does not block its own reclaim
ok - a steal reap interrupted in this process is resumed from its own tombstone
ok - live steal mutex is not reclaimed
ok - live-held lock is not stolen
ok - empty mid-acquire lock keeps a minimum grace
ok - late original claimant cannot claim a recreated lock
ok - paused mid-acquire claimant backs off to active stealer
ok - watch restart preserves recovery without signaling a reused pid
ok - watch restart attaches to a verified healthy peer and later surfaces a successor gap
ok - watcher self-evicts when the lock pid no longer names it
ok - arm turns clean self-eviction without a successor into a typed failure
ok - arm attaches to a live fresh watcher and fails loudly when that cycle has no successor
ok - attached arm signals record a classified lifecycle entry
ok - arm starts cleanly and resurfaces recovery after a dead-pid lock
ok - arm cleans child watcher and temp output on HUP
ok - arm defers TERM until startup watcher can run its lock cleanup
ok - arm TERM stops a startup watcher that never becomes cleanup-ready
WAKE_ACK_REQUIRED: after handling completes run bin/fm-wake-drain.sh --ack-through 1 --recovery-generation 2789996.1790578951.eSnenl
WARNING: queued wakes pending - drain them with bin/fm-wake-drain.sh before anything else.
ok - arm propagates an immediate watcher wake before confirmation
ok - arm attaches to a peer watcher after child stands down and surfaces a missing successor
watcher: lock held by live pid 2831008 but heartbeat is stale for 843894163s (>300s); inspect or stop that watcher before re-arming.
ok - arm reports FAILED and exits non-zero when no fresh watcher can be confirmed
ok - cycle-exit ledger links a verified successor and remains size-capped
ok - SIGSTOP distinguishes live PID from stale beacon and termination records the exit class
ok - a live watcher keeps its beacon fresh through a sweep that outlasts the grace (one cycle ran 11s)
ok - a watcher blocked inside one step still goes stale, reads unhealthy, and re-arm still refuses
ok - a watcher that exits is still detected as absent despite a fresh leftover beacon
ok - a beacon this watcher cannot publish is recorded while it keeps polling
FM_TEST_END 2026-09-28T07:03:18Z tests/fm-watcher-lock.test.sh exit=0 duration_ms=89275 gate_skip=false
FM_TEST_SUMMARY total=1 failed=0 skipped_gate=0 duration_ms=89343
FM_TEST_SUMMARY_FAMILY family=watcher-wake-lock count=1 duration_ms=89275 failed=0
FM_TEST_SLOWEST rank=1 script=tests/fm-watcher-lock.test.sh duration_ms=89275
EXIT=0
