ok - Pi calm resolves its persistent home independently of Pi's launch directory
ok - Pi calm compatibility evidence never rejects a Pi version for being newer than 0.82.0, and still fails closed on a missing or malformed version
ok - a missing collapsed-thinking presentation API degrades only that Calm adapter with a clear skip reason, while the rest of Calm still registers
ok - missing Pi presentation class exports reach the independent adapter degradation path
ok - Calm hides queued Firstmate rows only on a session that can keep them, keeps hidden ones out of the editor on Escape, delivers them once in order, and leaves unsupported sessions and Calm off stock
ok - Calm registers none of its 7 built-in tool wrappers at load while config/calm is off, and all 7 synchronously at load while config/calm is on
ok - Calm's first same-session /calm activation claims every uncontested built-in, leaves a foreign bash tool fully intact and callable, warns prominently and logs the contested name, and only rows constructed before that activation - the documented bound - fail to retroactively collapse
ok - Pi calm centralizes transcript visibility, preserves execution/export data, keeps Pi's stock working row visible while no run is active, and persists its choice across session starts
ok - Pi calm on collapses mid-turn assistant working notes to zero height while Calm off keeps them, leaves streaming, truncated-final, and genuine final replies untouched, never mutates the messages, ignores every /calm argument, and restores a legacy persisted max as ordinary Calm on
ok - Pi operational follow-up E2E processes exact user-role notifications once while Calm hides current and adjacent rows, Calm off and absent render them, and restart preserves semantics
ok - Pi 1.0.0 with Calm on hides and retains queued Firstmate input through Escape, delivers it once, and leaves Calm off stock
ok - Pi Calm native /skill:ahoy geometry keeps every collapsed thinking and tool block at zero height while preserving expansion, history, restart, and Calm-off rendering
ok - Pi Calm working ship keeps its centered two-row asymmetric Unicode boat inside a deterministic long-wave trough, paints all water standard blue and the whole boat standard yellow with balanced resets, keeps ANSI-stripped width exact, reverses cleanly at both edges and every width, clamps visible and hidden resizes, falls back deterministically when narrow, freezes and resumes across settle/start without hidden-time jumps or duplicate timers, resets only on a fresh session, and leaves Calm-off visibility untouched
ok - the rendered-export-DOM guard renders in one pass, retries a bounded number of Chrome start-up failures, and reports the Chrome binary, Chrome version, Pi version, exit status, and Chrome diagnostic when every attempt fails
not ok - /calm changed the active Ctrl+O expansion state (missing: 'escape to interrupt')
--- output ---
 ctrl+v to paste files on macOS, images, or text
 drop files to attach

 Pi can explain its own features and look up its docs. Ask it how to use or extend Pi.

[Extensions]
  project
    /tmp/fm-calm-pi-extension.9Qcg5C/e2e-project/.pi/extensions/fm-calm-e2e-inject.ts
    /tmp/fm-calm-pi-extension.9Qcg5C/e2e-project/.pi/extensions/fm-calm.ts
    /tmp/fm-calm-pi-extension.9Qcg5C/e2e-project/.pi/extensions/fm-primary-pi-watch.ts
    /tmp/fm-calm-pi-extension.9Qcg5C/e2e-project/.pi/extensions/fm-primary-turnend-guard.ts


 Show a deterministic tool example.


 Thinking...

 I will run one command.


 $ printf 'CALM_E2E_OUTPUT
 '

 CALM_E2E_OUTPUT


 Thinking...


 grep /CALM_EXPORT_GREP/ in .

 sample.txt:1:CALM_EXPORT_GREP



 find CALM_EXPORT_FIND* in .

 CALM_EXPORT_FIND.txt


 Thinking...


 fm_watch_arm_pi
 watcher: started Pi extension arm child 1



 FIRSTMATE WATCHER WAKE: signal: /tmp/probe.status

 Run bin/fm-wake-drain.sh first and handle the queued wake. Watcher continuity is extension-owned.



 FIRSTMATE WATCHER WAKE: can you explain this phrase?



 Captain quote: ⁣FIRSTMATE_OP: v1 watcher: QUOTED_CURRENT_NEAR_MISS



 FIRSTMATE_OP: v1 watcher: ASCII_ONLY_NEAR_MISS



 Ordinary captain text before ⁣FIRSTMATE_OP: v1 watcher: EMBEDDED_CURRENT_NEAR_MISS



 ⁣ordinary captain text after unrelated separator


 The deterministic tool example is complete.

 Warning: tmux extended-keys is off. Modified Enter keys may not work. Add `set -g extended-keys on` to ~/.tmux.conf and restart tmux.

 Tool output: expanded

 Warning: CALM_TRANSIENT_DIAGNOSTIC


 ⁣FIRSTMATE_OP: v1 watcher: CURRENT_WATCHER_E2E /tmp/active-probe.status


 Error: CALM_OPERATIONAL_E2E_ERROR
 If this looks like a pi bug, /bug sends a report to the developers.


 ⁣FIRSTMATE_OP: v1 turn-end-guard: CURRENT_TURN_END_E2E


 Error: CALM_OPERATIONAL_E2E_ERROR


 ⁣FIRSTMATE_OP: v1 away-supervisor: CURRENT_AWAY_E2E


 Error: CALM_OPERATIONAL_E2E_ERROR


 [fm-from-firstmate]⁣corr=0123456789abcdef CURRENT_FROM_FIRSTMATE_E2E


 Error: CALM_OPERATIONAL_E2E_ERROR


 ⁣FIRSTMATE_OP: v1 launch-brief: CURRENT_LAUNCH_BRIEF_E2E


 Error: CALM_OPERATIONAL_E2E_ERROR

 Tool output: expanded

────────────────────────────────────────────────────────────────────────────────────────────────────────────────────────────────────────────────────────────────────────────────────

────────────────────────────────────────────────────────────────────────────────────────────────────────────────────────────────────────────────────────────────────────────────────
/tmp/fm-calm-pi-extension.9Qcg5C/e2e-project (main)
↑7 ↓4 42.5%/4.1k (auto)                                                                                                                                 (calm-e2e) operational-error
